PPO v2  limulus  tohum 2  adim 3,000,000  log_std0 -0.5  trim sapmasi True  gozlem norm True
  [   51200] sev 0 odul -0.398 bolum_uz   246 509 adim/s
  [  102400] sev 0 odul +0.455 bolum_uz   353 507 adim/s
  [  118784] seviye -> 1 (dikey)
  [  153600] sev 1 odul +0.641 bolum_uz   430 493 adim/s
  [  190464] seviye -> 2 (gecis)
  [  204800] sev 2 odul -0.368 bolum_uz   433 494 adim/s
  [  256000] sev 2 odul -0.239 bolum_uz   480 497 adim/s
  [  307200] sev 2 odul -0.227 bolum_uz   517 498 adim/s
  [  358400] sev 2 odul -0.346 bolum_uz   546 499 adim/s
  [  409600] sev 2 odul -0.418 bolum_uz   568 499 adim/s
  [  460800] sev 2 odul -0.283 bolum_uz   588 495 adim/s
  [  512000] sev 2 odul -0.276 bolum_uz   605 495 adim/s
  [  563200] sev 2 odul -0.074 bolum_uz   618 496 adim/s
  [  614400] sev 2 odul -0.027 bolum_uz   623 496 adim/s
  [  665600] sev 2 odul -0.009 bolum_uz   621 497 adim/s
  [  716800] sev 2 odul -0.002 bolum_uz   617 497 adim/s
  [  768000] sev 2 odul +0.002 bolum_uz   611 497 adim/s
  [  819200] sev 2 odul +0.006 bolum_uz   606 495 adim/s
  [  870400] sev 2 odul -0.040 bolum_uz   602 495 adim/s
  [  921600] sev 2 odul -0.011 bolum_uz   598 495 adim/s
  [  972800] sev 2 odul +0.006 bolum_uz   594 496 adim/s
  [ 1024000] sev 2 odul +0.008 bolum_uz   591 496 adim/s
  [ 1075200] sev 2 odul +0.007 bolum_uz   588 495 adim/s
  [ 1126400] sev 2 odul +0.011 bolum_uz   585 494 adim/s
  [ 1177600] sev 2 odul +0.012 bolum_uz   583 493 adim/s
  [ 1228800] sev 2 odul -0.048 bolum_uz   581 494 adim/s
  [ 1280000] sev 2 odul -0.030 bolum_uz   579 493 adim/s
  [ 1331200] sev 2 odul +0.009 bolum_uz   577 494 adim/s
  [ 1382400] sev 2 odul +0.011 bolum_uz   576 494 adim/s
  [ 1433600] sev 2 odul +0.011 bolum_uz   574 494 adim/s
  [ 1484800] sev 2 odul +0.012 bolum_uz   573 492 adim/s
  [ 1536000] sev 2 odul +0.015 bolum_uz   571 492 adim/s
  [ 1587200] sev 2 odul +0.014 bolum_uz   570 492 adim/s
  [ 1638400] sev 2 odul +0.014 bolum_uz   569 492 adim/s
  [ 1689600] sev 2 odul +0.014 bolum_uz   568 492 adim/s
  [ 1740800] sev 2 odul +0.007 bolum_uz   567 492 adim/s
  [ 1792000] sev 2 odul +0.008 bolum_uz   566 490 adim/s
  [ 1843200] sev 2 odul +0.012 bolum_uz   565 490 adim/s
  [ 1894400] sev 2 odul +0.015 bolum_uz   564 490 adim/s
  [ 1945600] sev 2 odul +0.016 bolum_uz   564 490 adim/s
  [ 1996800] sev 2 odul +0.017 bolum_uz   563 490 adim/s
  [ 2048000] sev 2 odul +0.016 bolum_uz   562 489 adim/s
  [ 2099200] sev 2 odul +0.016 bolum_uz   561 488 adim/s
  [ 2150400] sev 2 odul +0.018 bolum_uz   561 489 adim/s
  [ 2201600] sev 2 odul +0.018 bolum_uz   560 489 adim/s
  [ 2252800] sev 2 odul +0.020 bolum_uz   560 489 adim/s
  [ 2304000] sev 2 odul +0.020 bolum_uz   559 489 adim/s
  [ 2355200] sev 2 odul +0.020 bolum_uz   559 488 adim/s
  [ 2406400] sev 2 odul +0.021 bolum_uz   558 488 adim/s
  [ 2457600] sev 2 odul +0.022 bolum_uz   558 488 adim/s
  [ 2508800] sev 2 odul +0.022 bolum_uz   557 488 adim/s
  [ 2560000] sev 2 odul +0.021 bolum_uz   557 489 adim/s
  [ 2611200] sev 2 odul +0.021 bolum_uz   556 489 adim/s
  [ 2662400] sev 2 odul +0.021 bolum_uz   556 488 adim/s
  [ 2713600] sev 2 odul +0.022 bolum_uz   556 488 adim/s
  [ 2764800] sev 2 odul +0.023 bolum_uz   555 488 adim/s
  [ 2816000] sev 2 odul +0.022 bolum_uz   555 488 adim/s
  [ 2867200] sev 2 odul +0.022 bolum_uz   554 489 adim/s
  [ 2918400] sev 2 odul +0.022 bolum_uz   554 489 adim/s
  [ 2969600] sev 2 odul +0.023 bolum_uz   554 488 adim/s

bitti. son odul +0.023  seviye 2  ort bolum uzunlugu 554 adim  6151 s
