PPO v2  ikili  tohum 4  adim 3,000,000  log_std0 -0.5  trim sapmasi True  gozlem norm True
  [   51200] sev 0 odul -0.029 bolum_uz   337 434 adim/s
  [  102400] sev 0 odul +0.212 bolum_uz   416 427 adim/s
  [  114688] seviye -> 1 (dikey)
  [  153600] sev 1 odul +0.294 bolum_uz   467 431 adim/s
  [  167936] seviye -> 2 (gecis)
  [  204800] sev 2 odul +0.017 bolum_uz   535 431 adim/s
  [  256000] sev 2 odul -0.019 bolum_uz   579 433 adim/s
  [  307200] sev 2 odul +0.047 bolum_uz   599 434 adim/s
  [  358400] sev 2 odul +0.048 bolum_uz   603 429 adim/s
  [  409600] sev 2 odul +0.014 bolum_uz   598 428 adim/s
  [  460800] sev 2 odul +0.021 bolum_uz   592 429 adim/s
  [  512000] sev 2 odul +0.009 bolum_uz   582 429 adim/s
  [  563200] sev 2 odul -0.001 bolum_uz   575 429 adim/s
  [  614400] sev 2 odul +0.004 bolum_uz   569 429 adim/s
  [  665600] sev 2 odul +0.019 bolum_uz   563 423 adim/s
  [  716800] sev 2 odul +0.020 bolum_uz   558 424 adim/s
  [  768000] sev 2 odul +0.018 bolum_uz   553 425 adim/s
  [  819200] sev 2 odul +0.022 bolum_uz   549 425 adim/s
  [  870400] sev 2 odul +0.025 bolum_uz   546 426 adim/s
  [  921600] sev 2 odul +0.022 bolum_uz   542 423 adim/s
  [  972800] sev 2 odul +0.024 bolum_uz   540 423 adim/s
  [ 1024000] sev 2 odul +0.023 bolum_uz   537 424 adim/s
  [ 1075200] sev 2 odul +0.031 bolum_uz   534 424 adim/s
  [ 1126400] sev 2 odul +0.027 bolum_uz   532 425 adim/s
  [ 1177600] sev 2 odul +0.031 bolum_uz   529 422 adim/s
  [ 1228800] sev 2 odul +0.031 bolum_uz   527 422 adim/s
  [ 1280000] sev 2 odul +0.030 bolum_uz   525 422 adim/s
  [ 1331200] sev 2 odul +0.031 bolum_uz   523 422 adim/s
  [ 1382400] sev 2 odul +0.032 bolum_uz   522 420 adim/s
  [ 1433600] sev 2 odul +0.030 bolum_uz   521 420 adim/s
  [ 1484800] sev 2 odul +0.033 bolum_uz   519 421 adim/s
  [ 1536000] sev 2 odul +0.032 bolum_uz   518 421 adim/s
  [ 1587200] sev 2 odul +0.034 bolum_uz   517 421 adim/s
  [ 1638400] sev 2 odul +0.026 bolum_uz   515 422 adim/s
  [ 1689600] sev 2 odul +0.033 bolum_uz   514 421 adim/s
  [ 1740800] sev 2 odul +0.033 bolum_uz   513 421 adim/s
  [ 1792000] sev 2 odul +0.033 bolum_uz   512 421 adim/s
  [ 1843200] sev 2 odul +0.017 bolum_uz   511 421 adim/s
  [ 1894400] sev 2 odul +0.033 bolum_uz   510 421 adim/s
  [ 1945600] sev 2 odul +0.032 bolum_uz   509 420 adim/s
  [ 1996800] sev 2 odul +0.033 bolum_uz   509 420 adim/s
  [ 2048000] sev 2 odul +0.029 bolum_uz   508 420 adim/s
  [ 2099200] sev 2 odul +0.026 bolum_uz   507 420 adim/s
  [ 2150400] sev 2 odul +0.032 bolum_uz   507 421 adim/s
  [ 2201600] sev 2 odul +0.031 bolum_uz   506 419 adim/s
  [ 2252800] sev 2 odul +0.032 bolum_uz   506 419 adim/s
  [ 2304000] sev 2 odul +0.007 bolum_uz   506 420 adim/s
  [ 2355200] sev 2 odul +0.030 bolum_uz   505 420 adim/s
  [ 2406400] sev 2 odul +0.032 bolum_uz   505 420 adim/s
  [ 2457600] sev 2 odul +0.032 bolum_uz   504 421 adim/s
  [ 2508800] sev 2 odul +0.032 bolum_uz   504 420 adim/s
  [ 2560000] sev 2 odul +0.033 bolum_uz   504 420 adim/s
  [ 2611200] sev 2 odul +0.033 bolum_uz   503 420 adim/s
  [ 2662400] sev 2 odul +0.033 bolum_uz   503 420 adim/s
  [ 2713600] sev 2 odul +0.032 bolum_uz   502 420 adim/s
  [ 2764800] sev 2 odul +0.032 bolum_uz   502 420 adim/s
  [ 2816000] sev 2 odul +0.031 bolum_uz   502 420 adim/s
  [ 2867200] sev 2 odul +0.030 bolum_uz   502 420 adim/s
  [ 2918400] sev 2 odul +0.031 bolum_uz   501 420 adim/s
  [ 2969600] sev 2 odul +0.031 bolum_uz   501 421 adim/s

bitti. son odul +0.031  seviye 2  ort bolum uzunlugu 501 adim  7132 s
