PPO v2  liftcruise  tohum 0  adim 3,000,000  log_std0 -0.5  trim sapmasi True  gozlem norm True
  [   51200] sev 0 odul -0.265 bolum_uz   269 503 adim/s
  [  102400] sev 0 odul +0.542 bolum_uz   367 502 adim/s
  [  108544] seviye -> 1 (dikey)
  [  153600] sev 1 odul +0.593 bolum_uz   389 500 adim/s
  [  155648] seviye -> 2 (gecis)
  [  204800] sev 2 odul +0.074 bolum_uz   442 492 adim/s
  [  256000] sev 2 odul +0.073 bolum_uz   483 483 adim/s
  [  307200] sev 2 odul +0.068 bolum_uz   507 482 adim/s
  [  358400] sev 2 odul +0.010 bolum_uz   523 480 adim/s
  [  409600] sev 2 odul +0.065 bolum_uz   533 479 adim/s
  [  460800] sev 2 odul +0.068 bolum_uz   537 478 adim/s
  [  512000] sev 2 odul +0.066 bolum_uz   538 478 adim/s
  [  563200] sev 2 odul +0.065 bolum_uz   539 478 adim/s
  [  614400] sev 2 odul +0.065 bolum_uz   538 476 adim/s
  [  665600] sev 2 odul +0.067 bolum_uz   539 476 adim/s
  [  716800] sev 2 odul +0.069 bolum_uz   539 475 adim/s
  [  768000] sev 2 odul +0.067 bolum_uz   538 475 adim/s
  [  819200] sev 2 odul +0.038 bolum_uz   538 475 adim/s
  [  870400] sev 2 odul +0.068 bolum_uz   538 475 adim/s
  [  921600] sev 2 odul +0.068 bolum_uz   538 473 adim/s
  [  972800] sev 2 odul +0.069 bolum_uz   538 473 adim/s
  [ 1024000] sev 2 odul +0.069 bolum_uz   538 473 adim/s
  [ 1075200] sev 2 odul +0.068 bolum_uz   538 473 adim/s
  [ 1126400] sev 2 odul +0.068 bolum_uz   538 472 adim/s
  [ 1177600] sev 2 odul +0.068 bolum_uz   537 472 adim/s
  [ 1228800] sev 2 odul +0.069 bolum_uz   538 473 adim/s
  [ 1280000] sev 2 odul +0.072 bolum_uz   537 471 adim/s
  [ 1331200] sev 2 odul +0.071 bolum_uz   537 471 adim/s
  [ 1382400] sev 2 odul +0.072 bolum_uz   537 471 adim/s
  [ 1433600] sev 2 odul +0.072 bolum_uz   537 471 adim/s
  [ 1484800] sev 2 odul +0.071 bolum_uz   537 470 adim/s
  [ 1536000] sev 2 odul +0.070 bolum_uz   537 470 adim/s
  [ 1587200] sev 2 odul +0.072 bolum_uz   537 469 adim/s
  [ 1638400] sev 2 odul +0.072 bolum_uz   537 469 adim/s
  [ 1689600] sev 2 odul +0.072 bolum_uz   537 469 adim/s
  [ 1740800] sev 2 odul +0.071 bolum_uz   537 469 adim/s
  [ 1792000] sev 2 odul +0.071 bolum_uz   537 469 adim/s
  [ 1843200] sev 2 odul +0.071 bolum_uz   537 469 adim/s
  [ 1894400] sev 2 odul +0.071 bolum_uz   537 469 adim/s
  [ 1945600] sev 2 odul +0.072 bolum_uz   537 469 adim/s
  [ 1996800] sev 2 odul +0.071 bolum_uz   537 469 adim/s
  [ 2048000] sev 2 odul +0.071 bolum_uz   537 469 adim/s
  [ 2099200] sev 2 odul +0.072 bolum_uz   537 469 adim/s
  [ 2150400] sev 2 odul +0.071 bolum_uz   537 469 adim/s
  [ 2201600] sev 2 odul +0.072 bolum_uz   537 470 adim/s
  [ 2252800] sev 2 odul +0.072 bolum_uz   537 469 adim/s
  [ 2304000] sev 2 odul +0.072 bolum_uz   537 469 adim/s
  [ 2355200] sev 2 odul +0.072 bolum_uz   537 469 adim/s
  [ 2406400] sev 2 odul +0.072 bolum_uz   537 470 adim/s
  [ 2457600] sev 2 odul +0.072 bolum_uz   537 470 adim/s
  [ 2508800] sev 2 odul +0.072 bolum_uz   537 470 adim/s
  [ 2560000] sev 2 odul +0.072 bolum_uz   537 470 adim/s
  [ 2611200] sev 2 odul +0.072 bolum_uz   537 470 adim/s
  [ 2662400] sev 2 odul +0.073 bolum_uz   537 470 adim/s
  [ 2713600] sev 2 odul +0.073 bolum_uz   537 470 adim/s
  [ 2764800] sev 2 odul +0.073 bolum_uz   537 471 adim/s
  [ 2816000] sev 2 odul +0.073 bolum_uz   537 471 adim/s
  [ 2867200] sev 2 odul +0.073 bolum_uz   537 471 adim/s
  [ 2918400] sev 2 odul +0.073 bolum_uz   537 471 adim/s
  [ 2969600] sev 2 odul +0.073 bolum_uz   537 471 adim/s

bitti. son odul +0.073  seviye 2  ort bolum uzunlugu 537 adim  6369 s
