PPO v2  senkron  tohum 3  adim 3,000,000  log_std0 -0.5  trim sapmasi True  gozlem norm True
  [   51200] sev 0 odul -0.324 bolum_uz   256 514 adim/s
  [  102400] sev 0 odul +0.376 bolum_uz   338 507 adim/s
  [  116736] seviye -> 1 (dikey)
  [  145408] seviye -> 2 (gecis)
  [  153600] sev 2 odul -0.223 bolum_uz   410 501 adim/s
  [  204800] sev 2 odul -0.193 bolum_uz   479 496 adim/s
  [  256000] sev 2 odul -0.045 bolum_uz   526 491 adim/s
  [  307200] sev 2 odul -0.008 bolum_uz   551 490 adim/s
  [  358400] sev 2 odul -0.002 bolum_uz   559 490 adim/s
  [  409600] sev 2 odul +0.013 bolum_uz   559 490 adim/s
  [  460800] sev 2 odul +0.012 bolum_uz   557 489 adim/s
  [  512000] sev 2 odul +0.010 bolum_uz   555 489 adim/s
  [  563200] sev 2 odul +0.011 bolum_uz   553 487 adim/s
  [  614400] sev 2 odul +0.012 bolum_uz   552 485 adim/s
  [  665600] sev 2 odul +0.014 bolum_uz   551 485 adim/s
  [  716800] sev 2 odul +0.015 bolum_uz   550 485 adim/s
  [  768000] sev 2 odul +0.014 bolum_uz   549 485 adim/s
  [  819200] sev 2 odul +0.013 bolum_uz   548 486 adim/s
  [  870400] sev 2 odul +0.014 bolum_uz   547 486 adim/s
  [  921600] sev 2 odul +0.016 bolum_uz   547 486 adim/s
  [  972800] sev 2 odul +0.017 bolum_uz   546 486 adim/s
  [ 1024000] sev 2 odul +0.017 bolum_uz   546 486 adim/s
  [ 1075200] sev 2 odul +0.019 bolum_uz   545 485 adim/s
  [ 1126400] sev 2 odul +0.019 bolum_uz   545 486 adim/s
  [ 1177600] sev 2 odul +0.019 bolum_uz   544 486 adim/s
  [ 1228800] sev 2 odul +0.020 bolum_uz   544 486 adim/s
  [ 1280000] sev 2 odul +0.020 bolum_uz   544 486 adim/s
  [ 1331200] sev 2 odul +0.019 bolum_uz   544 485 adim/s
  [ 1382400] sev 2 odul +0.019 bolum_uz   543 485 adim/s
  [ 1433600] sev 2 odul +0.021 bolum_uz   543 485 adim/s
  [ 1484800] sev 2 odul +0.020 bolum_uz   543 485 adim/s
  [ 1536000] sev 2 odul +0.020 bolum_uz   543 484 adim/s
  [ 1587200] sev 2 odul +0.022 bolum_uz   542 484 adim/s
  [ 1638400] sev 2 odul +0.021 bolum_uz   542 483 adim/s
  [ 1689600] sev 2 odul +0.022 bolum_uz   542 483 adim/s
  [ 1740800] sev 2 odul +0.024 bolum_uz   542 483 adim/s
  [ 1792000] sev 2 odul +0.023 bolum_uz   542 483 adim/s
  [ 1843200] sev 2 odul +0.025 bolum_uz   541 483 adim/s
  [ 1894400] sev 2 odul +0.024 bolum_uz   541 483 adim/s
  [ 1945600] sev 2 odul +0.022 bolum_uz   541 483 adim/s
  [ 1996800] sev 2 odul +0.022 bolum_uz   541 483 adim/s
  [ 2048000] sev 2 odul +0.022 bolum_uz   541 483 adim/s
  [ 2099200] sev 2 odul +0.021 bolum_uz   541 483 adim/s
  [ 2150400] sev 2 odul +0.022 bolum_uz   541 483 adim/s
  [ 2201600] sev 2 odul +0.014 bolum_uz   541 483 adim/s
  [ 2252800] sev 2 odul -0.033 bolum_uz   540 483 adim/s
  [ 2304000] sev 2 odul +0.007 bolum_uz   540 482 adim/s
  [ 2355200] sev 2 odul -0.014 bolum_uz   540 481 adim/s
  [ 2406400] sev 2 odul -0.001 bolum_uz   540 480 adim/s
  [ 2457600] sev 2 odul -0.015 bolum_uz   540 480 adim/s
  [ 2508800] sev 2 odul +0.006 bolum_uz   540 481 adim/s
  [ 2560000] sev 2 odul +0.014 bolum_uz   540 480 adim/s
  [ 2611200] sev 2 odul +0.020 bolum_uz   540 480 adim/s
  [ 2662400] sev 2 odul +0.019 bolum_uz   540 481 adim/s
  [ 2713600] sev 2 odul +0.019 bolum_uz   539 481 adim/s
  [ 2764800] sev 2 odul +0.019 bolum_uz   539 481 adim/s
  [ 2816000] sev 2 odul +0.019 bolum_uz   539 481 adim/s
  [ 2867200] sev 2 odul +0.020 bolum_uz   539 481 adim/s
  [ 2918400] sev 2 odul +0.020 bolum_uz   539 481 adim/s
  [ 2969600] sev 2 odul +0.020 bolum_uz   539 481 adim/s

bitti. son odul +0.021  seviye 2  ort bolum uzunlugu 539 adim  6235 s
