PPO v2  liftcruise  tohum 1  adim 3,000,000  log_std0 -0.5  trim sapmasi True  gozlem norm True
  [   51200] sev 0 odul -0.078 bolum_uz   318 490 adim/s
  [  102400] sev 0 odul +0.631 bolum_uz   415 490 adim/s
  [  104448] seviye -> 1 (dikey)
  [  137216] seviye -> 2 (gecis)
  [  153600] sev 2 odul -0.116 bolum_uz   500 486 adim/s
  [  204800] sev 2 odul +0.104 bolum_uz   570 483 adim/s
  [  256000] sev 2 odul -0.049 bolum_uz   607 476 adim/s
  [  307200] sev 2 odul +0.141 bolum_uz   621 478 adim/s
  [  358400] sev 2 odul +0.108 bolum_uz   625 479 adim/s
  [  409600] sev 2 odul +0.075 bolum_uz   619 480 adim/s
  [  460800] sev 2 odul +0.053 bolum_uz   612 480 adim/s
  [  512000] sev 2 odul +0.029 bolum_uz   604 479 adim/s
  [  563200] sev 2 odul +0.031 bolum_uz   599 478 adim/s
  [  614400] sev 2 odul -0.010 bolum_uz   594 479 adim/s
  [  665600] sev 2 odul +0.034 bolum_uz   591 479 adim/s
  [  716800] sev 2 odul +0.066 bolum_uz   588 479 adim/s
  [  768000] sev 2 odul +0.054 bolum_uz   585 479 adim/s
  [  819200] sev 2 odul +0.065 bolum_uz   582 479 adim/s
  [  870400] sev 2 odul +0.066 bolum_uz   579 479 adim/s
  [  921600] sev 2 odul +0.068 bolum_uz   577 478 adim/s
  [  972800] sev 2 odul +0.067 bolum_uz   575 478 adim/s
  [ 1024000] sev 2 odul +0.064 bolum_uz   572 478 adim/s
  [ 1075200] sev 2 odul +0.039 bolum_uz   570 478 adim/s
  [ 1126400] sev 2 odul +0.058 bolum_uz   569 478 adim/s
  [ 1177600] sev 2 odul +0.045 bolum_uz   567 478 adim/s
  [ 1228800] sev 2 odul +0.064 bolum_uz   566 478 adim/s
  [ 1280000] sev 2 odul +0.066 bolum_uz   565 478 adim/s
  [ 1331200] sev 2 odul +0.066 bolum_uz   564 478 adim/s
  [ 1382400] sev 2 odul +0.039 bolum_uz   562 477 adim/s
  [ 1433600] sev 2 odul +0.065 bolum_uz   561 477 adim/s
  [ 1484800] sev 2 odul +0.065 bolum_uz   561 477 adim/s
  [ 1536000] sev 2 odul +0.065 bolum_uz   560 477 adim/s
  [ 1587200] sev 2 odul +0.067 bolum_uz   559 477 adim/s
  [ 1638400] sev 2 odul +0.068 bolum_uz   558 477 adim/s
  [ 1689600] sev 2 odul +0.067 bolum_uz   557 477 adim/s
  [ 1740800] sev 2 odul +0.068 bolum_uz   557 477 adim/s
  [ 1792000] sev 2 odul +0.069 bolum_uz   556 477 adim/s
  [ 1843200] sev 2 odul +0.069 bolum_uz   556 477 adim/s
  [ 1894400] sev 2 odul +0.070 bolum_uz   555 477 adim/s
  [ 1945600] sev 2 odul +0.070 bolum_uz   554 477 adim/s
  [ 1996800] sev 2 odul +0.070 bolum_uz   554 477 adim/s
  [ 2048000] sev 2 odul +0.070 bolum_uz   554 477 adim/s
  [ 2099200] sev 2 odul +0.069 bolum_uz   553 477 adim/s
  [ 2150400] sev 2 odul +0.070 bolum_uz   553 477 adim/s
  [ 2201600] sev 2 odul +0.071 bolum_uz   552 477 adim/s
  [ 2252800] sev 2 odul +0.071 bolum_uz   552 477 adim/s
  [ 2304000] sev 2 odul +0.071 bolum_uz   552 477 adim/s
  [ 2355200] sev 2 odul +0.073 bolum_uz   551 477 adim/s
  [ 2406400] sev 2 odul +0.070 bolum_uz   551 477 adim/s
  [ 2457600] sev 2 odul +0.073 bolum_uz   551 477 adim/s
  [ 2508800] sev 2 odul +0.073 bolum_uz   550 477 adim/s
  [ 2560000] sev 2 odul +0.072 bolum_uz   550 477 adim/s
  [ 2611200] sev 2 odul +0.072 bolum_uz   550 477 adim/s
  [ 2662400] sev 2 odul +0.072 bolum_uz   550 478 adim/s
  [ 2713600] sev 2 odul +0.073 bolum_uz   549 477 adim/s
  [ 2764800] sev 2 odul +0.073 bolum_uz   549 477 adim/s
  [ 2816000] sev 2 odul +0.073 bolum_uz   549 477 adim/s
  [ 2867200] sev 2 odul +0.072 bolum_uz   549 477 adim/s
PPO v2  liftcruise  tohum 1  adim 3,000,000  log_std0 -0.5  trim sapmasi True  gozlem norm True
  [devam] kosular_genis_kesif/liftcruise_t1_ara.pt · 2,899,968 adimdan suruyor
  [ 2918400] sev 2 odul +0.073 bolum_uz   548 77175 adim/s
  [ 2969600] sev 2 odul +0.073 bolum_uz   548 20545 adim/s

bitti. son odul +0.073  seviye 2  ort bolum uzunlugu 548 adim  208 s
